// Jest Snapshot v1, https://goo.gl/fbAQLP

exports[`parser 1`] = `
"<!DOCTYPE html>
<html>
  <!-- multi line comment  -->
  <body>
    <h1 class=\\"h1\\" style=\\"color: red\\">
      Hello World!
      <!-- single line comment  -->
    </h1>
    <button disabled=\\"true\\" type=\\"submit\\">
      Submit
    </button>
  </body>
</html>"
`;
