// Jest Snapshot v1, https://goo.gl/fbAQLP

exports[`parser 1`] = `
Object {
  "props": Object {
    "children": Array [
      Object {
        "props": Object {
          "children": Array [
            Object {
              "props": Object {
                "value": "multi line comment",
              },
              "type": "COMMENT_ML",
            },
            Object {
              "props": Object {
                "children": Array [
                  Object {
                    "props": Object {
                      "children": Array [
                        Object {
                          "props": Object {
                            "value": "Hello World!",
                          },
                          "type": "STRING",
                        },
                        Object {
                          "props": Object {
                            "value": "single line comment",
                          },
                          "type": "COMMENT_SL",
                        },
                      ],
                      "class": "h1",
                      "style": "color: red",
                      "value": "h1",
                    },
                    "type": "ELEMENT",
                  },
                  Object {
                    "props": Object {
                      "children": Array [
                        Object {
                          "props": Object {
                            "value": "Submit",
                          },
                          "type": "STRING",
                        },
                      ],
                      "disabled": true,
                      "type": "submit",
                      "value": "button",
                    },
                    "type": "ELEMENT",
                  },
                ],
                "value": "body",
              },
              "type": "ELEMENT",
            },
          ],
          "value": "html",
        },
        "type": "ELEMENT",
      },
    ],
  },
  "type": "DOCUMENT",
}
`;

exports[`parser: without arguments 1`] = `
Object {
  "props": Object {
    "children": Array [],
  },
  "type": "DOCUMENT",
}
`;
