// Jest Snapshot v1, https://goo.gl/fbAQLP

exports[`tokenizer 1`] = `
Array [
  Object {
    "type": "ELEMENT",
    "value": "html",
  },
  Object {
    "type": "LEFT_CURLY_BRACKET",
    "value": "{",
  },
  Object {
    "type": "COMMENT_ML",
    "value": "multi line comment",
  },
  Object {
    "type": "ELEMENT",
    "value": "body",
  },
  Object {
    "type": "LEFT_CURLY_BRACKET",
    "value": "{",
  },
  Object {
    "type": "ELEMENT",
    "value": "h1",
  },
  Object {
    "type": "ELEMENT",
    "value": "class",
  },
  Object {
    "type": "EQUAL_SIGN",
    "value": "=",
  },
  Object {
    "type": "STRING",
    "value": "h1",
  },
  Object {
    "type": "ELEMENT",
    "value": "style",
  },
  Object {
    "type": "EQUAL_SIGN",
    "value": "=",
  },
  Object {
    "type": "STRING",
    "value": "color: red",
  },
  Object {
    "type": "LEFT_CURLY_BRACKET",
    "value": "{",
  },
  Object {
    "type": "NUMBER",
    "value": "123456789",
  },
  Object {
    "type": "COMMENT_SL",
    "value": "single line comment",
  },
  Object {
    "type": "STRING",
    "value": "Hello World!",
  },
  Object {
    "type": "RIGHT_CURLY_BRACKET",
    "value": "}",
  },
  Object {
    "type": "RIGHT_CURLY_BRACKET",
    "value": "}",
  },
  Object {
    "type": "RIGHT_CURLY_BRACKET",
    "value": "}",
  },
]
`;
